Microsoft (R) Macro Assembler Version 14.25.28610.4	    04/29/20 15:04:49
APC.asm							     Page 1 - 1


				IFNDEF AMD64
					.686P
				    .XMM
				    .MODEL FLAT, STDCALL
				    EXTERN ApcHandler@12: NEAR
				ELSE
				ENDIF

				EXTERN OriginalApcDispatcher: NEAR

 00000000			.CODE
				IFDEF AMD64
				ELSE
 00000000			    KiApcStub PROC PUBLIC
 00000000  55			        push ebp
 00000001  8B EC		        mov ebp, esp
 00000003  50			        push eax 
 00000004  8B C5		        mov eax, ebp
 00000006  83 C0 10		        add eax, 16
 00000009  50			        push eax 
 0000000A  FF 75 08		        push [ebp + 8] 
 0000000D  FF 75 04		        push [ebp + 4] 
 00000010  E8 00000000 E	        call ApcHandler@12
 00000015  58			        pop eax
 00000016  8B E5		        mov esp, ebp
 00000018  5D			        pop ebp
 00000019  FF 25 00000000 E	        jmp dword ptr [OriginalApcDispatcher]
 0000001F			    KiApcStub ENDP
				ENDIF
				END
Microsoft (R) Macro Assembler Version 14.25.28610.4	    04/29/20 15:04:49
APC.asm							     Symbols 2 - 1




Segments and Groups:

                N a m e                 Size     Length   Align   Combine Class

FLAT . . . . . . . . . . . . . .	GROUP
_DATA  . . . . . . . . . . . . .	32 Bit	 00000000 Para	  Public  'DATA'	
_TEXT  . . . . . . . . . . . . .	32 Bit	 0000001F Para	  Public  'CODE'	


Procedures, parameters, and locals:

                N a m e                 Type     Value    Attr

KiApcStub  . . . . . . . . . . .	P Near	 00000000 _TEXT	Length= 0000001F Public STDCALL


Symbols:

                N a m e                 Type     Value    Attr

@CodeSize  . . . . . . . . . . .	Number	 00000000h   
@DataSize  . . . . . . . . . . .	Number	 00000000h   
@Interface . . . . . . . . . . .	Number	 00000003h   
@Model . . . . . . . . . . . . .	Number	 00000007h   
@code  . . . . . . . . . . . . .	Text   	 _TEXT
@data  . . . . . . . . . . . . .	Text   	 FLAT
@fardata?  . . . . . . . . . . .	Text   	 FLAT
@fardata . . . . . . . . . . . .	Text   	 FLAT
@stack . . . . . . . . . . . . .	Text   	 FLAT
ApcHandler@12  . . . . . . . . .	L Near	 00000000 FLAT	External STDCALL
OriginalApcDispatcher  . . . . .	L Near	 00000000 FLAT	External STDCALL

	   0 Warnings
	   0 Errors
